../Core/Src/main.c:80:6:delay_us	16	static
../Core/Src/main.c:86:5:getKeyNumber	24	static
../Core/Src/main.c:108:5:WriteString	24	static
../Core/Src/main.c:148:6:Missile	8	static
../Core/Src/main.c:155:6:LCDMain	8	static
../Core/Src/main.c:163:6:LCD_LogIn	16	static
../Core/Src/main.c:171:6:LCD_LogInTrue	8	static
../Core/Src/main.c:180:6:LCD_LogInFalse_Missile	8	static
../Core/Src/main.c:188:6:LCD_LogInFalse	8	static
../Core/Src/main.c:196:6:LCD_User_data	16	static
../Core/Src/main.c:203:6:LCD_Register_Success	8	static
../Core/Src/main.c:211:6:RegisterData	112	static
../Core/Src/main.c:245:6:ID_Check	240	static
../Core/Src/main.c:292:6:LogIn	120	static
../Core/Src/main.c:355:6:Camera_Control	32	static
../Core/Src/main.c:384:5:main	16	static
../Core/Src/main.c:456:6:SystemClock_Config	88	static
../Core/Src/main.c:502:13:MX_ETH_Init	8	static
../Core/Src/main.c:551:13:MX_I2C1_Init	8	static
../Core/Src/main.c:599:13:MX_TIM3_Init	64	static
../Core/Src/main.c:662:13:MX_USART3_UART_Init	8	static
../Core/Src/main.c:695:13:MX_USB_OTG_FS_PCD_Init	8	static
../Core/Src/main.c:730:13:MX_GPIO_Init	56	static
../Core/Src/main.c:821:6:Error_Handler	4	static,ignoring_inline_asm
