../Core/Src/main.c:80:5:_write	24	static
../Core/Src/main.c:85:6:delay_us	16	static
../Core/Src/main.c:91:5:getKeyNumber	24	static
../Core/Src/main.c:114:5:WriteString	24	static
../Core/Src/main.c:156:6:Missile	8	static
../Core/Src/main.c:166:6:LCDMain	8	static
../Core/Src/main.c:176:6:LCD_Register	8	static
../Core/Src/main.c:186:6:LCD_Register_Success	8	static
../Core/Src/main.c:197:6:LCD_User_data	16	static
../Core/Src/main.c:211:6:LCD_LogIn	16	static
../Core/Src/main.c:223:6:LCD_LogInTrue	8	static
../Core/Src/main.c:238:6:LCD_LogInFalse_Missile	8	static
../Core/Src/main.c:248:6:LCD_LogInFalse	8	static
../Core/Src/main.c:260:6:RegisterData	112	static
../Core/Src/main.c:300:6:ID_Check	544	static
../Core/Src/main.c:354:5:main	152	static
../Core/Src/main.c:486:6:SystemClock_Config	88	static
../Core/Src/main.c:532:13:MX_ETH_Init	8	static
../Core/Src/main.c:581:13:MX_I2C1_Init	8	static
../Core/Src/main.c:629:13:MX_TIM3_Init	64	static
../Core/Src/main.c:688:13:MX_USART3_UART_Init	8	static
../Core/Src/main.c:721:13:MX_USB_OTG_FS_PCD_Init	8	static
../Core/Src/main.c:756:13:MX_GPIO_Init	56	static
../Core/Src/main.c:836:6:Error_Handler	4	static,ignoring_inline_asm
